
R version 3.6.3 (2020-02-29) -- "Holding the Windsock"
Copyright (C) 2020 The R Foundation for Statistical Computing
Platform: x86_64-conda_cos6-linux-gnu (64-bit)

R is free software and comes with ABSOLUTELY NO WARRANTY.
You are welcome to redistribute it under certain conditions.
Type 'license()' or 'licence()' for distribution details.

  Natural language support but running in an English locale

R is a collaborative project with many contributors.
Type 'contributors()' for more information and
'citation()' on how to cite R or R packages in publications.

Type 'demo()' for some demos, 'help()' for on-line help, or
'help.start()' for an HTML browser interface to help.
Type 'q()' to quit R.

> require(spatialEco)
Loading required package: spatialEco
> require(sp)
Loading required package: sp
> require(usedist)
Loading required package: usedist
> require(rgeos)
Loading required package: rgeos
rgeos version: 0.5-3, (SVN revision 634)
 GEOS runtime version: 3.8.1-CAPI-1.13.3 
 Linking to sp version: 1.4-1 
 Polygon checking: TRUE 

> require(raster)
Loading required package: raster

Attaching package: ‘raster’

The following object is masked from ‘package:spatialEco’:

    shift

> require(spatstat)
Loading required package: spatstat
Loading required package: spatstat.data

Attaching package: ‘spatstat.data’

The following object is masked from ‘package:spatialEco’:

    ants

Loading required package: nlme

Attaching package: ‘nlme’

The following object is masked from ‘package:raster’:

    getData

Loading required package: rpart

spatstat 1.64-1       (nickname: ‘Help you I can, yes!’) 
For an introduction to spatstat, type ‘beginner’ 


Attaching package: ‘spatstat’

The following objects are masked from ‘package:raster’:

    area, rotate, shift

The following object is masked from ‘package:spatialEco’:

    shift

> require(igraph)
Loading required package: igraph

Attaching package: ‘igraph’

The following objects are masked from ‘package:spatstat’:

    diameter, edges, is.connected, vertices

The following object is masked from ‘package:raster’:

    union

The following object is masked from ‘package:rgeos’:

    union

The following objects are masked from ‘package:spatialEco’:

    knn, similarity

The following objects are masked from ‘package:stats’:

    decompose, spectrum

The following object is masked from ‘package:base’:

    union

> require(sf)
Loading required package: sf
Linking to GEOS 3.8.1, GDAL 3.0.4, PROJ 6.3.1
> require(rgdal)
Loading required package: rgdal
rgdal: version: 1.4-8, (SVN revision 845)
 Geospatial Data Abstraction Library extensions to R successfully loaded
 Loaded GDAL runtime: GDAL 3.0.4, released 2020/01/28
 Path to GDAL shared files: 
 GDAL binary built with GEOS: TRUE 
 Loaded PROJ.4 runtime: Rel. 6.3.1, February 10th, 2020, [PJ_VERSION: 631]
 Path to PROJ.4 shared files: /usr/local/usrapps/tcsi/env_tcsi/share/proj
 Linking to sp version: 1.4-1 
> require(gdistance)
Loading required package: gdistance
Loading required package: Matrix

Attaching package: ‘gdistance’

The following object is masked from ‘package:igraph’:

    normalize

The following object is masked from ‘package:spatialEco’:

    overlap

> require(otuSummary)
Loading required package: otuSummary
Loading required package: vegan
Loading required package: permute

Attaching package: ‘permute’

The following object is masked from ‘package:igraph’:

    permute

Loading required package: lattice

Attaching package: ‘lattice’

The following object is masked from ‘package:spatstat’:

    panel.histogram

This is vegan 2.5-6

Attaching package: ‘vegan’

The following object is masked from ‘package:igraph’:

    diversity

> require(gdata)
Loading required package: gdata
gdata: read.xls support for 'XLS' (Excel 97-2004) files ENABLED.

gdata: read.xls support for 'XLSX' (Excel 2007+) files ENABLED.

Attaching package: ‘gdata’

The following objects are masked from ‘package:raster’:

    resample, trim

The following object is masked from ‘package:stats’:

    nobs

The following object is masked from ‘package:utils’:

    object.size

The following object is masked from ‘package:base’:

    startsWith

> require(maptools)
Loading required package: maptools
Checking rgeos availability: TRUE
> require(tidyverse)
Loading required package: tidyverse
Registered S3 method overwritten by 'cli':
  method     from    
  print.boxx spatstat
── Attaching packages ─────────────────────────────────────── tidyverse 1.3.0 ──
✔ ggplot2 3.3.2     ✔ purrr   0.3.4
✔ tibble  3.0.1     ✔ dplyr   1.0.0
✔ tidyr   1.1.0     ✔ stringr 1.4.0
✔ readr   1.3.1     ✔ forcats 0.5.0
── Conflicts ────────────────────────────────────────── tidyverse_conflicts() ──
✖ dplyr::as_data_frame() masks tibble::as_data_frame(), igraph::as_data_frame()
✖ dplyr::collapse()      masks nlme::collapse()
✖ dplyr::combine()       masks gdata::combine()
✖ purrr::compose()       masks igraph::compose()
✖ tidyr::crossing()      masks igraph::crossing()
✖ tidyr::expand()        masks Matrix::expand()
✖ tidyr::extract()       masks raster::extract()
✖ dplyr::filter()        masks stats::filter()
✖ dplyr::first()         masks gdata::first()
✖ dplyr::groups()        masks igraph::groups()
✖ purrr::keep()          masks gdata::keep()
✖ dplyr::lag()           masks stats::lag()
✖ dplyr::last()          masks gdata::last()
✖ tidyr::pack()          masks Matrix::pack()
✖ dplyr::select()        masks raster::select()
✖ purrr::simplify()      masks igraph::simplify()
✖ tidyr::unpack()        masks Matrix::unpack()
> require(reshape2)
Loading required package: reshape2

Attaching package: ‘reshape2’

The following object is masked from ‘package:tidyr’:

    smiths

> require(data.table)
Loading required package: data.table

Attaching package: ‘data.table’

The following objects are masked from ‘package:reshape2’:

    dcast, melt

The following objects are masked from ‘package:dplyr’:

    between, first, last

The following object is masked from ‘package:purrr’:

    transpose

The following objects are masked from ‘package:gdata’:

    first, last

The following object is masked from ‘package:spatstat’:

    shift

The following object is masked from ‘package:raster’:

    shift

The following object is masked from ‘package:spatialEco’:

    shift

> #setwd("C:/Users/zjrobbin/Documents/GitHub/ConnectivityHPC/")
> #getwd()
> #Create master map of all habitat created by a conservation strategy
> #args<-commandArgs(trailingOnly=TRUE)
> #i=as.numeric(args[1])
> eval(parse(text=paste(commandArgs(trailingOnly = TRUE), collapse=";")))
NULL
> 
> #Bring in ecoregion map to use for crs and extent template
> Ecoregion <- raster("Inputs/Ecoregion100f.tif")
> 
> #Bring in landis standmap
> Landis_standmap <- raster(paste("Inputs/Standmap100.tif",sep=""))
> 
> #Read in roads file
> roads <- raster(paste("Inputs/roads.tif",sep=""))
> 
> XO<- list.files("Inputs",pattern = "^geo(.*)tif$")
> ManyRunsStack<-raster::stack(paste0("Inputs/",XO))
> SumStack<-sum(ManyRunsStack)
> 
> rm(ManyRunsStack)
> 
> #Create empty vectors for connectivity indices
> nodes <- vector()
> links <- vector()
> avgnode <- vector()
> totnode <- vector()
> avgLCP <- vector()
> avgENN <- vector()
> density <- vector()
> transitivity <- vector()
> 
> #Time steps
> TimestepList <- as.character(seq(from=0, to=80, by=10))
> 
> #Connectivity analysis
>  
> 
> 
> Longleaf<-"PinuPalu"
> Loblolly<-"PinuTaed"
> Pine<- c("PinuEchi","PinuTaed","PinuVirg")
> Hardwood<-c("QuerAlba","AcerRubr","LiriTuli","LiquStyr","OxydArbo","CornFlor")
> 
> Year0<-list.files("Inputs",pattern=(".img$"))
> 
> Longleaf_Stack<-raster(paste0("Inputs/",Year0[Year0 %in% paste0("bio-", Longleaf,"-",i,".img")]))
Error in paste0("bio-", Longleaf, "-", i, ".img") : object 'i' not found
Calls: raster -> paste0 -> %in% -> %in% -> paste0
Execution halted
